2025-01-28 08:21:00 | INFO | repo=pv243-a4m36jee-2016-web-seminar-autumn | action=commit
2025-07-26 13:34:00 | INFO | repo=pv243-a4m36jee-2016-web-seminar-autumn | action=edit | files=5
2025-11-17 12:15:00 | WARN | repo=pv243-a4m36jee-2016-web-seminar-autumn | action=commit
2025-07-14 21:49:00 | DEBUG | repo=pv243-a4m36jee-2016-web-seminar-autumn | action=edit | files=3
2025-03-21 21:39:00 | WARN | repo=pv243-a4m36jee-2016-web-seminar-autumn | action=commit
2025-07-17 13:20:00 | INFO | repo=pv243-a4m36jee-2016-web-seminar-autumn | action=edit | files=5
2025-07-27 10:48:00 | INFO | repo=pv243-a4m36jee-2016-web-seminar-autumn | action=test | passed=true
2025-04-03 09:58:00 | INFO | repo=pv243-a4m36jee-2016-web-seminar-autumn | action=commit
2025-06-11 07:22:00 | DEBUG | repo=pv243-a4m36jee-2016-web-seminar-autumn | action=commit
2025-05-06 16:24:00 | WARN | repo=pv243-a4m36jee-2016-web-seminar-autumn | action=commit
2025-05-10 15:04:00 | INFO | repo=pv243-a4m36jee-2016-web-seminar-autumn | action=commit
2025-09-10 12:36:00 | DEBUG | repo=pv243-a4m36jee-2016-web-seminar-autumn | action=commit
2025-12-08 12:49:00 | INFO | repo=pv243-a4m36jee-2016-web-seminar-autumn | action=commit
2025-12-26 08:41:00 | INFO | repo=pv243-a4m36jee-2016-web-seminar-autumn | action=commit
2025-11-03 10:06:00 | DEBUG | repo=pv243-a4m36jee-2016-web-seminar-autumn | action=commit
2025-10-19 19:23:00 | WARN | repo=pv243-a4m36jee-2016-web-seminar-autumn | action=commit
2025-01-27 19:50:00 | INFO | repo=pv243-a4m36jee-2016-web-seminar-autumn | action=pull
2025-05-25 07:09:00 | INFO | repo=pv243-a4m36jee-2016-web-seminar-autumn | action=commit
2025-03-16 12:49:00 | INFO | repo=pv243-a4m36jee-2016-web-seminar-autumn | action=commit
2025-05-08 19:22:00 | INFO | repo=pv243-a4m36jee-2016-web-seminar-autumn | action=pull
2025-03-23 14:40:00 | WARN | repo=pv243-a4m36jee-2016-web-seminar-autumn | action=commit
2025-04-04 07:21:00 | INFO | repo=pv243-a4m36jee-2016-web-seminar-autumn | action=commit
2025-01-15 09:45:00 | DEBUG | repo=pv243-a4m36jee-2016-web-seminar-autumn | action=commit
2025-03-10 10:03:00 | INFO | repo=pv243-a4m36jee-2016-web-seminar-autumn | action=edit | files=4
2025-01-03 07:04:00 | WARN | repo=pv243-a4m36jee-2016-web-seminar-autumn | action=commit
2025-11-28 21:53:00 | WARN | repo=pv243-a4m36jee-2016-web-seminar-autumn | action=commit
2025-02-02 11:39:00 | INFO | repo=pv243-a4m36jee-2016-web-seminar-autumn | action=pull
2025-05-15 09:55:00 | WARN | repo=pv243-a4m36jee-2016-web-seminar-autumn | action=commit
2025-10-23 13:34:00 | DEBUG | repo=pv243-a4m36jee-2016-web-seminar-autumn | action=edit | files=1
2025-11-09 14:59:00 | INFO | repo=pv243-a4m36jee-2016-web-seminar-autumn | action=commit
2025-02-23 12:16:00 | INFO | repo=pv243-a4m36jee-2016-web-seminar-autumn | action=edit | files=2
2025-12-28 19:09:00 | DEBUG | repo=pv243-a4m36jee-2016-web-seminar-autumn | action=commit
2025-02-05 14:29:00 | WARN | repo=pv243-a4m36jee-2016-web-seminar-autumn | action=commit
2025-01-10 09:35:00 | INFO | repo=pv243-a4m36jee-2016-web-seminar-autumn | action=commit
2025-11-02 08:39:00 | DEBUG | repo=pv243-a4m36jee-2016-web-seminar-autumn | action=commit
